#
# There is insufficient memory for the Java Runtime Environment to continue.
# Native memory allocation (mmap) failed to map 4294967296 bytes for Failed to commit area from 0x0000000600000000 to 0x0000000700000000 of length 4294967296.
# Possible reasons:
#   The system is out of physical RAM or swap space
#   The process is running with CompressedOops enabled, and the Java Heap may be blocking the growth of the native heap
# Possible solutions:
#   Reduce memory load on the system
#   Increase physical memory or swap space
#   Check if swap backing store is full
#   Decrease Java heap size (-Xmx/-Xms)
#   Decrease number of Java threads
#   Decrease Java thread stack sizes (-Xss)
#   Set larger code cache with -XX:ReservedCodeCacheSize=
# This output file may be truncated or incomplete.
#
#  Out of Memory Error (./open/src/hotspot/os/windows/os_windows.cpp:3301), pid=30632, tid=22596
#
# JRE version:  (11.0.26+7) (build )
# Java VM: Java HotSpot(TM) 64-Bit Server VM (11.0.26+7-LTS-187, mixed mode, sharing, tiered, compressed oops, g1 gc, windows-amd64)
# No core dump will be written. Minidumps are not enabled by default on client versions of Windows
#

---------------  S U M M A R Y ------------

Command Line: -XX:TieredStopAtLevel=1 -Xverify:none -Dspring.output.ansi.enabled=always -javaagent:C:\Program Files\JetBrains\IntelliJ IDEA 2021.1\lib\idea_rt.jar=50732:C:\Program Files\JetBrains\IntelliJ IDEA 2021.1\bin -Dcom.sun.management.jmxremote -Dspring.jmx.enabled=true -Dspring.liveBeansView.mbeanDomain -Dspring.application.admin.enabled=true -Dfile.encoding=UTF-8 -Xms4096m -Xmx8192m -XX:+UseG1GC -XX:+UseStringDeduplication com.moniewise.moniewise_backend.MoniewiseBackendApplication

Host: Intel(R) Core(TM) i7-1065G7 CPU @ 1.30GHz, 8 cores, 15G,  Windows 11 , 64 bit Build 26100 (10.0.26100.3775)
Time: Tue Jun  3 04:28:22 2025 W. Central Africa Standard Time elapsed time: 0.032837 seconds (0d 0h 0m 0s)

---------------  T H R E A D  ---------------

Current thread (0x00000178de646000):  JavaThread "Unknown thread" [_thread_in_vm, id=22596, stack(0x000000661bf00000,0x000000661c000000)]

Stack: [0x000000661bf00000,0x000000661c000000]
Native frames: (J=compiled Java code, j=interpreted, Vv=VM code, C=native code)
V  [jvm.dll+0x65862a]
V  [jvm.dll+0x79b21f]
V  [jvm.dll+0x79c8e9]
V  [jvm.dll+0x79cf93]
V  [jvm.dll+0x255745]
V  [jvm.dll+0x655979]
V  [jvm.dll+0x64a795]
V  [jvm.dll+0x3102bd]
V  [jvm.dll+0x310122]
V  [jvm.dll+0x314ea6]
V  [jvm.dll+0x358480]
V  [jvm.dll+0x357ef2]
V  [jvm.dll+0x2eb3b8]
V  [jvm.dll+0x2ec4d5]
V  [jvm.dll+0x774777]
V  [jvm.dll+0x775fff]
V  [jvm.dll+0x3655e9]
V  [jvm.dll+0x758e2f]
V  [jvm.dll+0x3d7547]
V  [jvm.dll+0x3d9691]
C  [jli.dll+0x52e7]
C  [ucrtbase.dll+0x37b0]
C  [KERNEL32.DLL+0x2e8d7]
C  [ntdll.dll+0xb14fc]


---------------  P R O C E S S  ---------------

Threads class SMR info:
_java_thread_list=0x00000178de4b43b0, length=0, elements={
}

Java Threads: ( => current thread )

Other Threads:
  0x00000178de65a800 GCTaskThread "GC Thread#0" [stack: 0x000000661c000000,0x000000661c100000] [id=3536]
  0x00000178de6d7000 ConcurrentGCThread "G1 Main Marker" [stack: 0x000000661c100000,0x000000661c200000] [id=6808]
  0x00000178de6db000 ConcurrentGCThread "G1 Conc#0" [stack: 0x000000661c200000,0x000000661c300000] [id=13916]

[error occurred during error reporting (printing all threads), id 0xc0000005, EXCEPTION_ACCESS_VIOLATION (0xc0000005) at pc=0x00007ffc85c5ba77]

VM state:not at safepoint (not fully initialized)

VM Mutex/Monitor currently owned by a thread:  ([mutex/lock_event])
[0x00000178de645970] Heap_lock - owner thread: 0x00000178de646000

Heap address: 0x0000000600000000, size: 8192 MB, Compressed Oops mode: Non-zero based: 0x0000000600000000
Narrow klass base: 0x0000000000000000, Narrow klass shift: 0

GC Heap History (0 events):
No events

Deoptimization events (0 events):
No events

Classes redefined (0 events):
No events

Internal exceptions (0 events):
No events

Events (0 events):
No events


Dynamic libraries:
0x00007ff67ba80000 - 0x00007ff67ba90000 	C:\Program Files\Java\jdk-11\bin\java.exe
0x00007ffd29600000 - 0x00007ffd29860000 	C:\WINDOWS\SYSTEM32\ntdll.dll
0x00007ffd27960000 - 0x00007ffd27a27000 	C:\WINDOWS\System32\KERNEL32.DLL
0x00007ffd26b00000 - 0x00007ffd26eca000 	C:\WINDOWS\System32\KERNELBASE.dll
0x00007ffd269b0000 - 0x00007ffd26afb000 	C:\WINDOWS\System32\ucrtbase.dll
0x00007ffd14670000 - 0x00007ffd14689000 	C:\Program Files\Java\jdk-11\bin\jli.dll
0x00007ffd27400000 - 0x00007ffd274b2000 	C:\WINDOWS\System32\ADVAPI32.dll
0x00007ffd28bc0000 - 0x00007ffd28c69000 	C:\WINDOWS\System32\msvcrt.dll
0x00007ffd28df0000 - 0x00007ffd28e96000 	C:\WINDOWS\System32\sechost.dll
0x00007ffd276d0000 - 0x00007ffd277e6000 	C:\WINDOWS\System32\RPCRT4.dll
0x00007ffd28800000 - 0x00007ffd289cc000 	C:\WINDOWS\System32\USER32.dll
0x00007ffd270e0000 - 0x00007ffd27107000 	C:\WINDOWS\System32\win32u.dll
0x00007ffd276a0000 - 0x00007ffd276ca000 	C:\WINDOWS\System32\GDI32.dll
0x00007ffd267e0000 - 0x00007ffd26911000 	C:\WINDOWS\System32\gdi32full.dll
0x00007ffd27290000 - 0x00007ffd27333000 	C:\WINDOWS\System32\msvcp_win.dll
0x00007ffd14700000 - 0x00007ffd1471b000 	C:\Program Files\Java\jdk-11\bin\VCRUNTIME140.dll
0x00007ffd1d700000 - 0x00007ffd1d70b000 	C:\WINDOWS\SYSTEM32\VERSION.dll
0x00007ffd08ba0000 - 0x00007ffd08e37000 	C:\WINDOWS\WinSxS\amd64_microsoft.windows.common-controls_6595b64144ccf1df_6.0.26100.3624_none_3e086962e3345f24\COMCTL32.dll
0x00007ffd27530000 - 0x00007ffd2755f000 	C:\WINDOWS\System32\IMM32.DLL
0x00007ffd21590000 - 0x00007ffd2159c000 	C:\Program Files\Java\jdk-11\bin\vcruntime140_1.dll
0x00007ffceaf00000 - 0x00007ffceaf8e000 	C:\Program Files\Java\jdk-11\bin\msvcp140.dll
0x00007ffc85960000 - 0x00007ffc864c3000 	C:\Program Files\Java\jdk-11\bin\server\jvm.dll
0x00007ffd277f0000 - 0x00007ffd277f8000 	C:\WINDOWS\System32\PSAPI.DLL
0x00007ffd04660000 - 0x00007ffd0466a000 	C:\WINDOWS\SYSTEM32\WSOCK32.dll
0x00007ffd275a0000 - 0x00007ffd27614000 	C:\WINDOWS\System32\WS2_32.dll
0x00007ffd0fc10000 - 0x00007ffd0fc46000 	C:\WINDOWS\SYSTEM32\WINMM.dll
0x00007ffd255b0000 - 0x00007ffd255ca000 	C:\WINDOWS\SYSTEM32\kernel.appcore.dll
0x00007ffd21010000 - 0x00007ffd21020000 	C:\Program Files\Java\jdk-11\bin\verify.dll
0x00007ffd241e0000 - 0x00007ffd24421000 	C:\WINDOWS\SYSTEM32\DBGHELP.DLL
0x00007ffd28fa0000 - 0x00007ffd29322000 	C:\WINDOWS\System32\combase.dll
0x00007ffd28ec0000 - 0x00007ffd28f96000 	C:\WINDOWS\System32\OLEAUT32.dll
0x00007ffcea3d0000 - 0x00007ffcea409000 	C:\WINDOWS\SYSTEM32\dbgcore.DLL
0x00007ffd27040000 - 0x00007ffd270d9000 	C:\WINDOWS\System32\bcryptPrimitives.dll
0x00007ffcffee0000 - 0x00007ffcfff08000 	C:\Program Files\Java\jdk-11\bin\java.dll
0x00007ffd145e0000 - 0x00007ffd145ea000 	C:\Program Files\Java\jdk-11\bin\jimage.dll
0x00007ffd145d0000 - 0x00007ffd145de000 	C:\Program Files\Java\jdk-11\bin\instrument.dll
0x00007ffd0d2b0000 - 0x00007ffd0d2c7000 	C:\Program Files\Java\jdk-11\bin\zip.dll

dbghelp: loaded successfully - version: 4.0.5 - missing functions: none
symbol engine: initialized successfully - sym options: 0x614 - pdb path: .;C:\Program Files\Java\jdk-11\bin;C:\WINDOWS\SYSTEM32;C:\WINDOWS\WinSxS\amd64_microsoft.windows.common-controls_6595b64144ccf1df_6.0.26100.3624_none_3e086962e3345f24;C:\Program Files\Java\jdk-11\bin\server

VM Arguments:
jvm_args: -XX:TieredStopAtLevel=1 -Xverify:none -Dspring.output.ansi.enabled=always -javaagent:C:\Program Files\JetBrains\IntelliJ IDEA 2021.1\lib\idea_rt.jar=50732:C:\Program Files\JetBrains\IntelliJ IDEA 2021.1\bin -Dcom.sun.management.jmxremote -Dspring.jmx.enabled=true -Dspring.liveBeansView.mbeanDomain -Dspring.application.admin.enabled=true -Dfile.encoding=UTF-8 -Xms4096m -Xmx8192m -XX:+UseG1GC -XX:+UseStringDeduplication 
java_command: com.moniewise.moniewise_backend.MoniewiseBackendApplication
java_class_path (initial): C:\Users\abrah\Desktop\newMoniewise\target\classes;C:\Users\abrah\.m2\repository\org\springframework\boot\spring-boot-starter-web\2.7.18\spring-boot-starter-web-2.7.18.jar;C:\Users\abrah\.m2\repository\org\springframework\boot\spring-boot-starter\2.7.18\spring-boot-starter-2.7.18.jar;C:\Users\abrah\.m2\repository\org\springframework\boot\spring-boot\2.7.18\spring-boot-2.7.18.jar;C:\Users\abrah\.m2\repository\org\springframework\boot\spring-boot-autoconfigure\2.7.18\spring-boot-autoconfigure-2.7.18.jar;C:\Users\abrah\.m2\repository\org\springframework\boot\spring-boot-starter-logging\2.7.18\spring-boot-starter-logging-2.7.18.jar;C:\Users\abrah\.m2\repository\ch\qos\logback\logback-classic\1.2.12\logback-classic-1.2.12.jar;C:\Users\abrah\.m2\repository\ch\qos\logback\logback-core\1.2.12\logback-core-1.2.12.jar;C:\Users\abrah\.m2\repository\org\apache\logging\log4j\log4j-to-slf4j\2.17.2\log4j-to-slf4j-2.17.2.jar;C:\Users\abrah\.m2\repository\org\apache\logging\log4j\log4j-api\2.17.2\log4j-api-2.17.2.jar;C:\Users\abrah\.m2\repository\org\slf4j\jul-to-slf4j\1.7.36\jul-to-slf4j-1.7.36.jar;C:\Users\abrah\.m2\repository\jakarta\annotation\jakarta.annotation-api\1.3.5\jakarta.annotation-api-1.3.5.jar;C:\Users\abrah\.m2\repository\org\yaml\snakeyaml\1.30\snakeyaml-1.30.jar;C:\Users\abrah\.m2\repository\org\springframework\boot\spring-boot-starter-json\2.7.18\spring-boot-starter-json-2.7.18.jar;C:\Users\abrah\.m2\repository\com\fasterxml\jackson\datatype\jackson-datatype-jdk8\2.13.5\jackson-datatype-jdk8-2.13.5.jar;C:\Users\abrah\.m2\repository\com\fasterxml\jackson\datatype\jackson-datatype-jsr310\2.13.5\jackson-datatype-jsr310-2.13.5.jar;C:\Users\abrah\.m2\repository\com\fasterxml\jackson\module\jackson-module-parameter-names\2.13.5\jackson-module-parameter-names-2.13.5.jar;C:\Users\abrah\.m2\repository\org\springframework\boot\spring-boot-starter-tomcat\2.7.18\spring-boot-starter-tomcat-2.7.18.jar;C:\Users\abrah\.m2\repository\org\apache\tomcat\
Launcher Type: SUN_STANDARD

[Global flags]
     bool BytecodeVerificationLocal                = false                                     {product} {command line}
     bool BytecodeVerificationRemote               = false                                     {product} {command line}
     intx CICompilerCount                          = 4                                         {product} {ergonomic}
     uint ConcGCThreads                            = 2                                         {product} {ergonomic}
     uint G1ConcRefinementThreads                  = 8                                         {product} {ergonomic}
   size_t G1HeapRegionSize                         = 2097152                                   {product} {ergonomic}
    uintx GCDrainStackTargetSize                   = 64                                        {product} {ergonomic}
   size_t InitialHeapSize                          = 4294967296                                {product} {command line}
     bool ManagementServer                         = true                                      {product} {command line}
   size_t MarkStackSize                            = 4194304                                   {product} {ergonomic}
   size_t MaxHeapSize                              = 8589934592                                {product} {command line}
   size_t MinHeapDeltaBytes                        = 2097152                                   {product} {ergonomic}
    uintx NonNMethodCodeHeapSize                   = 7549744                                {pd product} {ergonomic}
    uintx NonProfiledCodeHeapSize                  = 244108496                              {pd product} {ergonomic}
    uintx ProfiledCodeHeapSize                     = 0                                      {pd product} {ergonomic}
    uintx ReservedCodeCacheSize                    = 251658240                              {pd product} {ergonomic}
     bool SegmentedCodeCache                       = true                                      {product} {ergonomic}
     intx TieredStopAtLevel                        = 1                                         {product} {command line}
     bool UseCompressedClassPointers               = true                                 {lp64_product} {ergonomic}
     bool UseCompressedOops                        = true                                 {lp64_product} {ergonomic}
     bool UseG1GC                                  = true                                      {product} {environment}
     bool UseLargePagesIndividualAllocation        = false                                  {pd product} {ergonomic}
     bool UseStringDeduplication                   = true                                      {product} {environment}

Logging:
Log output configuration:
 #0: stdout all=warning uptime,level,tags
 #1: stderr all=off uptime,level,tags

Environment Variables:
JAVA_HOME=C:\Program Files\Java\jdk-17
_JAVA_OPTIONS=-Xms4096m -Xmx8192m -XX:+UseG1GC -XX:+UseStringDeduplication
PATH=c:\windows\system32;c:\program files\common files\oracle\java\javapath;c:\windows;c:\windows\system32\wbem;c:\windows\system32\windowspowershell\v1.0\;c:\windows\system32\openssh\;c:\program files\git\cmd;c:\program files\docker\docker\resources\bin;c:\program files\dotnet\;c:\program files\nvidia corporation\nvidia app\nvdlisr;C:\WINDOWS\system32;C:\WINDOWS;C:\WINDOWS\System32\Wbem;C:\WINDOWS\System32\WindowsPowerShell\v1.0\;C:\WINDOWS\System32\OpenSSH\;C:\Program Files (x86)\NVIDIA Corporation\PhysX\Common;C:\Program Files (x86)\Microsoft SQL Server\160\Tools\Binn\;C:\Program Files\Microsoft SQL Server\160\Tools\Binn\;C:\Program Files\Microsoft SQL Server\Client SDK\ODBC\170\Tools\Binn\;C:\Program Files\Microsoft SQL Server\160\DTS\Binn\;C:\Program Files (x86)\Microsoft SQL Server\160\DTS\Binn\;C:\Program Files\PostgreSQL\16\bin;C:\Program Files\Java\jdk-17\bin;C:\flutter\bin;C:\flutter\bin;C:\Users\abrah\AppData\Local\Microsoft\WindowsApps;C:\Users\abrah\AppData\Local\Programs\Microsoft VS Code\bin;C:\Program Files\JetBrains\IntelliJ IDEA 2021.1\bin;;
USERNAME=abrah
OS=Windows_NT
PROCESSOR_IDENTIFIER=Intel64 Family 6 Model 126 Stepping 5, GenuineIntel



---------------  S Y S T E M  ---------------

OS: Windows 11 , 64 bit Build 26100 (10.0.26100.3775)
Hyper-V role detected

CPU:total 8 (initial active 8) (4 cores per cpu, 2 threads per core) family 6 model 126 stepping 5 microcode 0xa8, cmov, cx8, fxsr, mmx, sse, sse2, sse3, ssse3, sse4.1, sse4.2, popcnt, avx, avx2, aes, clmul, erms, 3dnowpref, lzcnt, ht, tsc, tscinvbit, bmi1, bmi2, adx, evex, sha, fma

Memory: 4k page, system-wide physical 16161M (1147M free)
TotalPageFile size 46670M (AvailPageFile size 814M)
current process WorkingSet (physical memory assigned to process): 12M, peak: 12M
current process commit charge ("private bytes"): 58M, peak: 4154M

vm_info: Java HotSpot(TM) 64-Bit Server VM (11.0.26+7-LTS-187) for windows-amd64 JRE (11.0.26+7-LTS-187), built on Dec  3 2024 11:06:37 by "mach5one" with MS VC++ 17.6 (VS2022)

END.
