#
# There is insufficient memory for the Java Runtime Environment to continue.
# Native memory allocation (mmap) failed to map 4294967296 bytes for G1 virtual space
# Possible reasons:
#   The system is out of physical RAM or swap space
#   The process is running with CompressedOops enabled, and the Java Heap may be blocking the growth of the native heap
# Possible solutions:
#   Reduce memory load on the system
#   Increase physical memory or swap space
#   Check if swap backing store is full
#   Decrease Java heap size (-Xmx/-Xms)
#   Decrease number of Java threads
#   Decrease Java thread stack sizes (-Xss)
#   Set larger code cache with -XX:ReservedCodeCacheSize=
#   JVM is running with Zero Based Compressed Oops mode in which the Java heap is
#     placed in the first 32GB address space. The Java Heap base address is the
#     maximum limit for the native heap growth. Please use -XX:HeapBaseMinAddress
#     to set the Java Heap base and to place the Java Heap above 32GB virtual address.
# This output file may be truncated or incomplete.
#
#  Out of Memory Error (os_windows.cpp:3548), pid=25984, tid=24300
#
# JRE version:  (17.0.12+8) (build )
# Java VM: Java HotSpot(TM) 64-Bit Server VM (17.0.12+8-LTS-286, mixed mode, sharing, tiered, compressed oops, compressed class ptrs, g1 gc, windows-amd64)
# No core dump will be written. Minidumps are not enabled by default on client versions of Windows
#

---------------  S U M M A R Y ------------

Command Line: -Dclassworlds.conf=C:\Users\abrah\.m2\wrapper\dists\apache-maven-3.9.9\977a63e90f436cd6ade95b4c0e10c20c\bin\m2.conf -Dmaven.home=C:\Users\abrah\.m2\wrapper\dists\apache-maven-3.9.9\977a63e90f436cd6ade95b4c0e10c20c -Dlibrary.jansi.path=C:\Users\abrah\.m2\wrapper\dists\apache-maven-3.9.9\977a63e90f436cd6ade95b4c0e10c20c\lib\jansi-native -Dmaven.multiModuleProjectDirectory=C:\Users\abrah\Desktop\newMoniewise -Xms4096m -Xmx8192m -XX:+UseG1GC -XX:+UseStringDeduplication org.codehaus.plexus.classworlds.launcher.Launcher clean package

Host: Intel(R) Core(TM) i7-1065G7 CPU @ 1.30GHz, 8 cores, 15G,  Windows 11 , 64 bit Build 26100 (10.0.26100.4202)
Time: Sun Jun 29 08:56:24 2025 W. Central Africa Standard Time elapsed time: 0.035492 seconds (0d 0h 0m 0s)

---------------  T H R E A D  ---------------

Current thread (0x00000277affe6a70):  JavaThread "Unknown thread" [_thread_in_vm, id=24300, stack(0x000000d3efc00000,0x000000d3efd00000)]

Stack: [0x000000d3efc00000,0x000000d3efd00000]
Native frames: (J=compiled Java code, j=interpreted, Vv=VM code, C=native code)
V  [jvm.dll+0x67a04a]
V  [jvm.dll+0x7da4ed]
V  [jvm.dll+0x7dbe33]
V  [jvm.dll+0x7dc4a3]
V  [jvm.dll+0x24508f]
V  [jvm.dll+0x677089]
V  [jvm.dll+0x66bd32]
V  [jvm.dll+0x301fa6]
V  [jvm.dll+0x309546]
V  [jvm.dll+0x359d2e]
V  [jvm.dll+0x359f5f]
V  [jvm.dll+0x2d9078]
V  [jvm.dll+0x2d9fe4]
V  [jvm.dll+0x7aca21]
V  [jvm.dll+0x367591]
V  [jvm.dll+0x78b999]
V  [jvm.dll+0x3ec83f]
V  [jvm.dll+0x3ee471]
C  [jli.dll+0x5297]
C  [ucrtbase.dll+0x37b0]
C  [KERNEL32.DLL+0x2e8d7]
C  [ntdll.dll+0x3c34c]


---------------  P R O C E S S  ---------------

Threads class SMR info:
_java_thread_list=0x00007ffdbc4e7a18, length=0, elements={
}

Java Threads: ( => current thread )

Other Threads:
  0x00000277b0093eb0 GCTaskThread "GC Thread#0" [stack: 0x000000d3efd00000,0x000000d3efe00000] [id=10756]
  0x00000277b00a6270 ConcurrentGCThread "G1 Main Marker" [stack: 0x000000d3efe00000,0x000000d3eff00000] [id=23660]
  0x00000277b00a6c80 ConcurrentGCThread "G1 Conc#0" [stack: 0x000000d3eff00000,0x000000d3f0000000] [id=1140]

[error occurred during error reporting (printing all threads), id 0xc0000005, EXCEPTION_ACCESS_VIOLATION (0xc0000005) at pc=0x00007ffdbbd19b67]

VM state: not at safepoint (not fully initialized)

VM Mutex/Monitor currently owned by a thread:  ([mutex/lock_event])
[0x00000277affe5af0] Heap_lock - owner thread: 0x00000277affe6a70

Heap address: 0x0000000600000000, size: 8192 MB, Compressed Oops mode: Zero based, Oop shift amount: 3

CDS archive(s) mapped at: [0x0000000000000000-0x0000000000000000-0x0000000000000000), size 0, SharedBaseAddress: 0x0000000800000000, ArchiveRelocationMode: 1.
Narrow klass base: 0x0000000000000000, Narrow klass shift: 0, Narrow klass range: 0x0

GC Precious Log:
<Empty>

Heap:
 garbage-first heap   total 0K, used 0K [0x0000000600000000, 0x0000000800000000)
  region size 4096K, 0 young (0K), 0 survivors (0K)

[error occurred during error reporting (printing heap information), id 0xc0000005, EXCEPTION_ACCESS_VIOLATION (0xc0000005) at pc=0x00007ffdbc103859]

GC Heap History (0 events):
No events

Deoptimization events (0 events):
No events

Classes unloaded (0 events):
No events

Classes redefined (0 events):
No events

Internal exceptions (0 events):
No events

VM Operations (0 events):
No events

Events (1 events):
Event: 0.020 Loaded shared library C:\Program Files\Java\jdk-17\bin\java.dll


Dynamic libraries:
0x00007ff7eefb0000 - 0x00007ff7eefc0000 	C:\Program Files\Java\jdk-17\bin\java.exe
0x00007ffe5cf20000 - 0x00007ffe5d185000 	C:\WINDOWS\SYSTEM32\ntdll.dll
0x00007ffe5ade0000 - 0x00007ffe5aea9000 	C:\WINDOWS\System32\KERNEL32.DLL
0x00007ffe5a0a0000 - 0x00007ffe5a488000 	C:\WINDOWS\System32\KERNELBASE.dll
0x00007ffe5a6a0000 - 0x00007ffe5a7eb000 	C:\WINDOWS\System32\ucrtbase.dll
0x00007ffe3e6e0000 - 0x00007ffe3e6fb000 	C:\Program Files\Java\jdk-17\bin\VCRUNTIME140.dll
0x00007ffe397d0000 - 0x00007ffe397e9000 	C:\Program Files\Java\jdk-17\bin\jli.dll
0x00007ffe5c990000 - 0x00007ffe5ca43000 	C:\WINDOWS\System32\ADVAPI32.dll
0x00007ffe5c770000 - 0x00007ffe5c819000 	C:\WINDOWS\System32\msvcrt.dll
0x00007ffe5b1d0000 - 0x00007ffe5b276000 	C:\WINDOWS\System32\sechost.dll
0x00007ffe5b7a0000 - 0x00007ffe5b8b5000 	C:\WINDOWS\System32\RPCRT4.dll
0x00007ffe5b280000 - 0x00007ffe5b44a000 	C:\WINDOWS\System32\USER32.dll
0x00007ffe3e080000 - 0x00007ffe3e31a000 	C:\WINDOWS\WinSxS\amd64_microsoft.windows.common-controls_6595b64144ccf1df_6.0.26100.4202_none_3e0698d4e335f517\COMCTL32.dll
0x00007ffe5a070000 - 0x00007ffe5a097000 	C:\WINDOWS\System32\win32u.dll
0x00007ffe5b450000 - 0x00007ffe5b47b000 	C:\WINDOWS\System32\GDI32.dll
0x00007ffe5a7f0000 - 0x00007ffe5a927000 	C:\WINDOWS\System32\gdi32full.dll
0x00007ffe5a930000 - 0x00007ffe5a9d3000 	C:\WINDOWS\System32\msvcp_win.dll
0x00007ffe527c0000 - 0x00007ffe527cb000 	C:\WINDOWS\SYSTEM32\VERSION.dll
0x00007ffe5c730000 - 0x00007ffe5c760000 	C:\WINDOWS\System32\IMM32.DLL
0x00007ffe54cf0000 - 0x00007ffe54cfc000 	C:\Program Files\Java\jdk-17\bin\vcruntime140_1.dll
0x00007ffe141f0000 - 0x00007ffe1427e000 	C:\Program Files\Java\jdk-17\bin\msvcp140.dll
0x00007ffdbba30000 - 0x00007ffdbc610000 	C:\Program Files\Java\jdk-17\bin\server\jvm.dll
0x00007ffe5b560000 - 0x00007ffe5b568000 	C:\WINDOWS\System32\PSAPI.DLL
0x00007ffe44ba0000 - 0x00007ffe44bd5000 	C:\WINDOWS\SYSTEM32\WINMM.dll
0x00007ffe34420000 - 0x00007ffe3442a000 	C:\WINDOWS\SYSTEM32\WSOCK32.dll
0x00007ffe5b720000 - 0x00007ffe5b794000 	C:\WINDOWS\System32\WS2_32.dll
0x00007ffe58df0000 - 0x00007ffe58e0b000 	C:\WINDOWS\SYSTEM32\kernel.appcore.dll
0x00007ffe43fa0000 - 0x00007ffe43faa000 	C:\Program Files\Java\jdk-17\bin\jimage.dll
0x00007ffe57a30000 - 0x00007ffe57c71000 	C:\WINDOWS\SYSTEM32\DBGHELP.DLL
0x00007ffe5c390000 - 0x00007ffe5c715000 	C:\WINDOWS\System32\combase.dll
0x00007ffe5acc0000 - 0x00007ffe5ada1000 	C:\WINDOWS\System32\OLEAUT32.dll
0x00007ffe2eba0000 - 0x00007ffe2ebd9000 	C:\WINDOWS\SYSTEM32\dbgcore.DLL
0x00007ffe5ac20000 - 0x00007ffe5acb9000 	C:\WINDOWS\System32\bcryptPrimitives.dll
0x00007ffe2d190000 - 0x00007ffe2d1b5000 	C:\Program Files\Java\jdk-17\bin\java.dll

dbghelp: loaded successfully - version: 4.0.5 - missing functions: none
symbol engine: initialized successfully - sym options: 0x614 - pdb path: .;C:\Program Files\Java\jdk-17\bin;C:\WINDOWS\SYSTEM32;C:\WINDOWS\WinSxS\amd64_microsoft.windows.common-controls_6595b64144ccf1df_6.0.26100.4202_none_3e0698d4e335f517;C:\Program Files\Java\jdk-17\bin\server

VM Arguments:
jvm_args: -Dclassworlds.conf=C:\Users\abrah\.m2\wrapper\dists\apache-maven-3.9.9\977a63e90f436cd6ade95b4c0e10c20c\bin\m2.conf -Dmaven.home=C:\Users\abrah\.m2\wrapper\dists\apache-maven-3.9.9\977a63e90f436cd6ade95b4c0e10c20c -Dlibrary.jansi.path=C:\Users\abrah\.m2\wrapper\dists\apache-maven-3.9.9\977a63e90f436cd6ade95b4c0e10c20c\lib\jansi-native -Dmaven.multiModuleProjectDirectory=C:\Users\abrah\Desktop\newMoniewise -Xms4096m -Xmx8192m -XX:+UseG1GC -XX:+UseStringDeduplication 
java_command: org.codehaus.plexus.classworlds.launcher.Launcher clean package
java_class_path (initial): C:\Users\abrah\.m2\wrapper\dists\apache-maven-3.9.9\977a63e90f436cd6ade95b4c0e10c20c\boot\plexus-classworlds-2.8.0.jar
Launcher Type: SUN_STANDARD

[Global flags]
     intx CICompilerCount                          = 4                                         {product} {ergonomic}
     uint ConcGCThreads                            = 2                                         {product} {ergonomic}
     uint G1ConcRefinementThreads                  = 8                                         {product} {ergonomic}
   size_t G1HeapRegionSize                         = 4194304                                   {product} {ergonomic}
    uintx GCDrainStackTargetSize                   = 64                                        {product} {ergonomic}
   size_t InitialHeapSize                          = 4294967296                                {product} {command line}
   size_t MarkStackSize                            = 4194304                                   {product} {ergonomic}
   size_t MaxHeapSize                              = 8589934592                                {product} {command line}
   size_t MinHeapDeltaBytes                        = 4194304                                   {product} {ergonomic}
   size_t MinHeapSize                              = 4294967296                                {product} {command line}
    uintx NonNMethodCodeHeapSize                   = 5839372                                {pd product} {ergonomic}
    uintx NonProfiledCodeHeapSize                  = 122909434                              {pd product} {ergonomic}
    uintx ProfiledCodeHeapSize                     = 122909434                              {pd product} {ergonomic}
    uintx ReservedCodeCacheSize                    = 251658240                              {pd product} {ergonomic}
     bool SegmentedCodeCache                       = true                                      {product} {ergonomic}
   size_t SoftMaxHeapSize                          = 8589934592                             {manageable} {ergonomic}
     bool UseCompressedClassPointers               = true                           {product lp64_product} {ergonomic}
     bool UseCompressedOops                        = true                           {product lp64_product} {ergonomic}
     bool UseG1GC                                  = true                                      {product} {environment}
     bool UseLargePagesIndividualAllocation        = false                                  {pd product} {ergonomic}
     bool UseStringDeduplication                   = true                                      {product} {environment}

Logging:
Log output configuration:
 #0: stdout all=warning uptime,level,tags
 #1: stderr all=off uptime,level,tags

Environment Variables:
JAVA_HOME=C:\Program Files\Java\jdk-17
_JAVA_OPTIONS=-Xms4096m -Xmx8192m -XX:+UseG1GC -XX:+UseStringDeduplication
PATH=C:\WINDOWS\system32;c:\program files\common files\oracle\java\javapath;C:\WINDOWS;C:\WINDOWS\System32\Wbem;C:\WINDOWS\system32\windowspowershell\v1.0\;C:\WINDOWS\system32\openssh\;c:\program files\git\cmd;c:\program files\docker\docker\resources\bin;c:\program files\dotnet\;c:\program files\nvidia corporation\nvidia app\nvdlisr;C:\WINDOWS\system32;C:\WINDOWS;C:\WINDOWS\System32\Wbem;C:\WINDOWS\System32\WindowsPowerShell\v1.0\;C:\WINDOWS\System32\OpenSSH\;C:\Program Files (x86)\Microsoft SQL Server\160\Tools\Binn\;C:\Program Files\Microsoft SQL Server\160\Tools\Binn\;C:\Program Files\Microsoft SQL Server\Client SDK\ODBC\170\Tools\Binn\;C:\Program Files\Microsoft SQL Server\160\DTS\Binn\;C:\Program Files (x86)\Microsoft SQL Server\160\DTS\Binn\;C:\Program Files\PostgreSQL\16\bin;C:\Program Files\Java\jdk-17\bin;C:\flutter\bin;C:\Program Files\Process Lasso\;C:\flutter\bin;C:\Users\abrah\AppData\Local\Microsoft\WindowsApps;C:\Users\abrah\AppData\Local\Programs\Microsoft VS Code\bin;C:\Program Files\JetBrains\IntelliJ IDEA 2023.1.2\bin;;
USERNAME=abrah
OS=Windows_NT
PROCESSOR_IDENTIFIER=Intel64 Family 6 Model 126 Stepping 5, GenuineIntel



---------------  S Y S T E M  ---------------

OS:
 Windows 11 , 64 bit Build 26100 (10.0.26100.4202)
OS uptime: 4 days 19:36 hours
Hyper-V role detected

CPU: total 8 (initial active 8) (4 cores per cpu, 2 threads per core) family 6 model 126 stepping 5 microcode 0xa8, cx8, cmov, fxsr, ht, mmx, 3dnowpref, sse, sse2, sse3, ssse3, sse4.1, sse4.2, popcnt, lzcnt, tsc, tscinvbit, avx, avx2, aes, erms, clmul, bmi1, bmi2, adx, avx512f, avx512dq, avx512cd, avx512bw, avx512vl, sha, fma, vzeroupper, avx512_vpopcntdq, avx512_vpclmulqdq, avx512_vaes, avx512_vnni, clflush, clflushopt, avx512_vbmi2, avx512_vbmi, hv

Memory: 4k page, system-wide physical 16161M (962M free)
TotalPageFile size 48497M (AvailPageFile size 609M)
current process WorkingSet (physical memory assigned to process): 12M, peak: 12M
current process commit charge ("private bytes"): 60M, peak: 4156M

vm_info: Java HotSpot(TM) 64-Bit Server VM (17.0.12+8-LTS-286) for windows-amd64 JRE (17.0.12+8-LTS-286), built on Jun  5 2024 06:46:59 by "mach5one" with MS VC++ 17.6 (VS2022)

END.
